../../TouchGFX/gui/include/gui/model/ModelListener.hpp:20:18:virtual void ModelListener::UpdateGraph(uint16_t)	0	static
../../TouchGFX/gui/include/gui/screen1_screen/Screen1Presenter.hpp:29:13:Screen1Presenter::~Screen1Presenter()	0	static
C:/TouchGFXProjects/IDN/TouchGFX/gui/src/screen1_screen/Screen1Presenter.cpp:10:6:virtual void Screen1Presenter::activate()	0	static
../../TouchGFX/gui/include/gui/screen1_screen/Screen1Presenter.hpp:29:13:virtual Screen1Presenter::~Screen1Presenter()	8	static
../../TouchGFX/gui/include/gui/screen1_screen/Screen1Presenter.hpp:29:13:virtual void* Screen1Presenter::_ZThn4_N16Screen1PresenterD1Ev()	0	static
C:/TouchGFXProjects/IDN/TouchGFX/gui/src/screen1_screen/Screen1Presenter.cpp:4:1:Screen1Presenter::Screen1Presenter(Screen1View&)	0	static
