C:/TouchGFXProjects/IDN/Core/Src/main.c:734:6:StartDefaultTask	8	static
C:/TouchGFXProjects/IDN/Core/Src/main.c:223:6:SystemClock_Config	128	static
C:/TouchGFXProjects/IDN/Core/Src/main.c:281:6:PeriphCommonClock_Config	192	static
C:/TouchGFXProjects/IDN/Core/Src/main.c:113:5:main	144	static,ignoring_inline_asm
C:/TouchGFXProjects/IDN/Core/Src/main.c:719:6:HAL_ADC_ConvCpltCallback	8	static
C:/TouchGFXProjects/IDN/Core/Src/main.c:823:6:HAL_TIM_PeriodElapsedCallback	0	static
C:/TouchGFXProjects/IDN/Core/Src/main.c:840:6:Error_Handler	0	static
