C:/TouchGFXProjects/IDN/Core/Src/stm32h7xx_hal_msp.c:65:6:HAL_MspInit	8	static
C:/TouchGFXProjects/IDN/Core/Src/stm32h7xx_hal_msp.c:89:6:HAL_ADC_MspInit	40	static
C:/TouchGFXProjects/IDN/Core/Src/stm32h7xx_hal_msp.c:126:6:HAL_ADC_MspDeInit	8	static
C:/TouchGFXProjects/IDN/Core/Src/stm32h7xx_hal_msp.c:156:6:HAL_CRC_MspInit	8	static
C:/TouchGFXProjects/IDN/Core/Src/stm32h7xx_hal_msp.c:179:6:HAL_CRC_MspDeInit	0	static
C:/TouchGFXProjects/IDN/Core/Src/stm32h7xx_hal_msp.c:201:6:HAL_DMA2D_MspInit	16	static
C:/TouchGFXProjects/IDN/Core/Src/stm32h7xx_hal_msp.c:227:6:HAL_DMA2D_MspDeInit	0	static
C:/TouchGFXProjects/IDN/Core/Src/stm32h7xx_hal_msp.c:252:6:HAL_LTDC_MspInit	264	static
C:/TouchGFXProjects/IDN/Core/Src/stm32h7xx_hal_msp.c:400:6:HAL_LTDC_MspDeInit	8	static
C:/TouchGFXProjects/IDN/Core/Src/stm32h7xx_hal_msp.c:473:6:HAL_OSPI_MspInit	96	static
C:/TouchGFXProjects/IDN/Core/Src/stm32h7xx_hal_msp.c:621:6:HAL_OSPI_MspDeInit	8	static
